Archive member included because of file (symbol)

/usr/local/CrossPack-AVR-20131216/lib/gcc/avr/4.8.1/avr4/libgcc.a(_divmodhi4.o)
                              Builds/uart.o (__divmodhi4)
/usr/local/CrossPack-AVR-20131216/lib/gcc/avr/4.8.1/avr4/libgcc.a(_exit.o)
                              /usr/local/CrossPack-AVR-20131216/lib/gcc/avr/4.8.1/../../../../avr/lib/avr4/crtm8.o (exit)
/usr/local/CrossPack-AVR-20131216/lib/gcc/avr/4.8.1/avr4/libgcc.a(_clear_bss.o)
                              Builds/main.o (__do_clear_bss)
/usr/local/CrossPack-AVR-20131216/lib/gcc/avr/4.8.1/avr4/libgcc.a(_udivmodhi4.o)
                              /usr/local/CrossPack-AVR-20131216/lib/gcc/avr/4.8.1/avr4/libgcc.a(_divmodhi4.o) (__udivmodhi4)
/usr/local/CrossPack-AVR-20131216/lib/gcc/avr/4.8.1/../../../../avr/lib/avr4/libc.a(itoa_ncheck.o)
                              Builds/main.o (__itoa_ncheck)
/usr/local/CrossPack-AVR-20131216/lib/gcc/avr/4.8.1/../../../../avr/lib/avr4/libc.a(utoa_ncheck.o)
                              /usr/local/CrossPack-AVR-20131216/lib/gcc/avr/4.8.1/../../../../avr/lib/avr4/libc.a(itoa_ncheck.o) (__utoa_common)
/usr/local/CrossPack-AVR-20131216/lib/gcc/avr/4.8.1/../../../../avr/lib/avr4/libc.a(strrev.o)
                              /usr/local/CrossPack-AVR-20131216/lib/gcc/avr/4.8.1/../../../../avr/lib/avr4/libc.a(utoa_ncheck.o) (strrev)

Allocating common symbols
Common symbol       size              file

ADC_result          0xc8              Builds/main.o
rbuffcnt            0x1               Builds/uart.o
rbuffpos            0x1               Builds/uart.o
udr_data            0x1               Builds/uart.o
rbuff               0x28              Builds/uart.o

Memory Configuration

Name             Origin             Length             Attributes
text             0x00000000         0x00002000         xr
data             0x00800060         0x0000ffa0         rw !x
eeprom           0x00810000         0x00010000         rw !x
fuse             0x00820000         0x00000400         rw !x
lock             0x00830000         0x00000400         rw !x
signature        0x00840000         0x00000400         rw !x
user_signatures  0x00850000         0x00000400         rw !x
*default*        0x00000000         0xffffffff

Linker script and memory map

LOAD /usr/local/CrossPack-AVR-20131216/lib/gcc/avr/4.8.1/../../../../avr/lib/avr4/crtm8.o
LOAD Builds/main.o
LOAD Builds/uart.o
LOAD /usr/local/CrossPack-AVR-20131216/lib/gcc/avr/4.8.1/../../../../avr/lib/avr4/libm.a
START GROUP
LOAD /usr/local/CrossPack-AVR-20131216/lib/gcc/avr/4.8.1/avr4/libgcc.a
LOAD /usr/local/CrossPack-AVR-20131216/lib/gcc/avr/4.8.1/../../../../avr/lib/avr4/libm.a
LOAD /usr/local/CrossPack-AVR-20131216/lib/gcc/avr/4.8.1/../../../../avr/lib/avr4/libc.a
END GROUP

.hash
 *(.hash)

.dynsym
 *(.dynsym)

.dynstr
 *(.dynstr)

.gnu.version
 *(.gnu.version)

.gnu.version_d
 *(.gnu.version_d)

.gnu.version_r
 *(.gnu.version_r)

.rel.init
 *(.rel.init)

.rela.init
 *(.rela.init)

.rel.text
 *(.rel.text)
 *(.rel.text.*)
 *(.rel.gnu.linkonce.t*)

.rela.text
 *(.rela.text)
 *(.rela.text.*)
 *(.rela.gnu.linkonce.t*)

.rel.fini
 *(.rel.fini)

.rela.fini
 *(.rela.fini)

.rel.rodata
 *(.rel.rodata)
 *(.rel.rodata.*)
 *(.rel.gnu.linkonce.r*)

.rela.rodata
 *(.rela.rodata)
 *(.rela.rodata.*)
 *(.rela.gnu.linkonce.r*)

.rel.data
 *(.rel.data)
 *(.rel.data.*)
 *(.rel.gnu.linkonce.d*)

.rela.data
 *(.rela.data)
 *(.rela.data.*)
 *(.rela.gnu.linkonce.d*)

.rel.ctors
 *(.rel.ctors)

.rela.ctors
 *(.rela.ctors)

.rel.dtors
 *(.rel.dtors)

.rela.dtors
 *(.rela.dtors)

.rel.got
 *(.rel.got)

.rela.got
 *(.rela.got)

.rel.bss
 *(.rel.bss)

.rela.bss
 *(.rela.bss)

.rel.plt
 *(.rel.plt)

.rela.plt
 *(.rela.plt)

.text           0x00000000      0x2da
 *(.vectors)
 .vectors       0x00000000       0x26 /usr/local/CrossPack-AVR-20131216/lib/gcc/avr/4.8.1/../../../../avr/lib/avr4/crtm8.o
                0x00000000                __vectors
                0x00000000                __vector_default
 *(.vectors)
 *(.progmem.gcc*)
                0x00000026                . = ALIGN (0x2)
                0x00000026                __trampolines_start = .
 *(.trampolines)
 .trampolines   0x00000026        0x0 linker stubs
 *(.trampolines*)
                0x00000026                __trampolines_end = .
 *(.progmem*)
                0x00000026                . = ALIGN (0x2)
 *(.jumptables)
 *(.jumptables*)
 *(.lowtext)
 *(.lowtext*)
                0x00000026                __ctors_start = .
 *(.ctors)
                0x00000026                __ctors_end = .
                0x00000026                __dtors_start = .
 *(.dtors)
                0x00000026                __dtors_end = .
 SORT(*)(.ctors)
 SORT(*)(.dtors)
 *(.init0)
 .init0         0x00000026        0x0 /usr/local/CrossPack-AVR-20131216/lib/gcc/avr/4.8.1/../../../../avr/lib/avr4/crtm8.o
                0x00000026                __init
 *(.init0)
 *(.init1)
 *(.init1)
 *(.init2)
 .init2         0x00000026        0xc /usr/local/CrossPack-AVR-20131216/lib/gcc/avr/4.8.1/../../../../avr/lib/avr4/crtm8.o
 *(.init2)
 *(.init3)
 *(.init3)
 *(.init4)
 .init4         0x00000032       0x10 /usr/local/CrossPack-AVR-20131216/lib/gcc/avr/4.8.1/avr4/libgcc.a(_clear_bss.o)
                0x00000032                __do_clear_bss
 *(.init4)
 *(.init5)
 *(.init5)
 *(.init6)
 *(.init6)
 *(.init7)
 *(.init7)
 *(.init8)
 *(.init8)
 *(.init9)
 .init9         0x00000042        0x4 /usr/local/CrossPack-AVR-20131216/lib/gcc/avr/4.8.1/../../../../avr/lib/avr4/crtm8.o
 *(.init9)
 *(.text)
 .text          0x00000046        0x2 /usr/local/CrossPack-AVR-20131216/lib/gcc/avr/4.8.1/../../../../avr/lib/avr4/crtm8.o
                0x00000046                __vector_18
                0x00000046                __vector_12
                0x00000046                __bad_interrupt
                0x00000046                __vector_6
                0x00000046                __vector_3
                0x00000046                __vector_13
                0x00000046                __vector_17
                0x00000046                __vector_7
                0x00000046                __vector_5
                0x00000046                __vector_4
                0x00000046                __vector_2
                0x00000046                __vector_15
                0x00000046                __vector_8
                0x00000046                __vector_10
                0x00000046                __vector_16
                0x00000046                __vector_1
 .text          0x00000048       0x7a Builds/main.o
                0x00000048                initIO
                0x00000056                __vector_9
                0x0000007e                __vector_14
 .text          0x000000c2       0xde Builds/uart.o
                0x000000c2                __vector_11
                0x00000134                ser_getc
                0x0000016c                uart_putc
                0x00000174                uart_puts
                0x0000018a                uart_init
 .text          0x000001a0        0x0 /usr/local/CrossPack-AVR-20131216/lib/gcc/avr/4.8.1/avr4/libgcc.a(_divmodhi4.o)
 .text          0x000001a0        0x0 /usr/local/CrossPack-AVR-20131216/lib/gcc/avr/4.8.1/avr4/libgcc.a(_exit.o)
 .text          0x000001a0        0x0 /usr/local/CrossPack-AVR-20131216/lib/gcc/avr/4.8.1/avr4/libgcc.a(_clear_bss.o)
 .text          0x000001a0        0x0 /usr/local/CrossPack-AVR-20131216/lib/gcc/avr/4.8.1/avr4/libgcc.a(_udivmodhi4.o)
 .text          0x000001a0        0x0 /usr/local/CrossPack-AVR-20131216/lib/gcc/avr/4.8.1/../../../../avr/lib/avr4/libc.a(itoa_ncheck.o)
 .text          0x000001a0        0x0 /usr/local/CrossPack-AVR-20131216/lib/gcc/avr/4.8.1/../../../../avr/lib/avr4/libc.a(utoa_ncheck.o)
 .text          0x000001a0        0x0 /usr/local/CrossPack-AVR-20131216/lib/gcc/avr/4.8.1/../../../../avr/lib/avr4/libc.a(strrev.o)
                0x000001a0                . = ALIGN (0x2)
 *(.text.*)
 .text.startup  0x000001a0       0x82 Builds/main.o
                0x000001a0                main
 .text.libgcc.mul
                0x00000222        0x0 /usr/local/CrossPack-AVR-20131216/lib/gcc/avr/4.8.1/avr4/libgcc.a(_divmodhi4.o)
 .text.libgcc.div
                0x00000222       0x26 /usr/local/CrossPack-AVR-20131216/lib/gcc/avr/4.8.1/avr4/libgcc.a(_divmodhi4.o)
                0x00000222                __divmodhi4
                0x00000222                _div
 .text.libgcc   0x00000248        0x0 /usr/local/CrossPack-AVR-20131216/lib/gcc/avr/4.8.1/avr4/libgcc.a(_divmodhi4.o)
 .text.libgcc.prologue
                0x00000248        0x0 /usr/local/CrossPack-AVR-20131216/lib/gcc/avr/4.8.1/avr4/libgcc.a(_divmodhi4.o)
 .text.libgcc.builtins
                0x00000248        0x0 /usr/local/CrossPack-AVR-20131216/lib/gcc/avr/4.8.1/avr4/libgcc.a(_divmodhi4.o)
 .text.libgcc.fmul
                0x00000248        0x0 /usr/local/CrossPack-AVR-20131216/lib/gcc/avr/4.8.1/avr4/libgcc.a(_divmodhi4.o)
 .text.libgcc.fixed
                0x00000248        0x0 /usr/local/CrossPack-AVR-20131216/lib/gcc/avr/4.8.1/avr4/libgcc.a(_divmodhi4.o)
 .text.libgcc.mul
                0x00000248        0x0 /usr/local/CrossPack-AVR-20131216/lib/gcc/avr/4.8.1/avr4/libgcc.a(_exit.o)
 .text.libgcc.div
                0x00000248        0x0 /usr/local/CrossPack-AVR-20131216/lib/gcc/avr/4.8.1/avr4/libgcc.a(_exit.o)
 .text.libgcc   0x00000248        0x0 /usr/local/CrossPack-AVR-20131216/lib/gcc/avr/4.8.1/avr4/libgcc.a(_exit.o)
 .text.libgcc.prologue
                0x00000248        0x0 /usr/local/CrossPack-AVR-20131216/lib/gcc/avr/4.8.1/avr4/libgcc.a(_exit.o)
 .text.libgcc.builtins
                0x00000248        0x0 /usr/local/CrossPack-AVR-20131216/lib/gcc/avr/4.8.1/avr4/libgcc.a(_exit.o)
 .text.libgcc.fmul
                0x00000248        0x0 /usr/local/CrossPack-AVR-20131216/lib/gcc/avr/4.8.1/avr4/libgcc.a(_exit.o)
 .text.libgcc.fixed
                0x00000248        0x0 /usr/local/CrossPack-AVR-20131216/lib/gcc/avr/4.8.1/avr4/libgcc.a(_exit.o)
 .text.libgcc.mul
                0x00000248        0x0 /usr/local/CrossPack-AVR-20131216/lib/gcc/avr/4.8.1/avr4/libgcc.a(_clear_bss.o)
 .text.libgcc.div
                0x00000248        0x0 /usr/local/CrossPack-AVR-20131216/lib/gcc/avr/4.8.1/avr4/libgcc.a(_clear_bss.o)
 .text.libgcc   0x00000248        0x0 /usr/local/CrossPack-AVR-20131216/lib/gcc/avr/4.8.1/avr4/libgcc.a(_clear_bss.o)
 .text.libgcc.prologue
                0x00000248        0x0 /usr/local/CrossPack-AVR-20131216/lib/gcc/avr/4.8.1/avr4/libgcc.a(_clear_bss.o)
 .text.libgcc.builtins
                0x00000248        0x0 /usr/local/CrossPack-AVR-20131216/lib/gcc/avr/4.8.1/avr4/libgcc.a(_clear_bss.o)
 .text.libgcc.fmul
                0x00000248        0x0 /usr/local/CrossPack-AVR-20131216/lib/gcc/avr/4.8.1/avr4/libgcc.a(_clear_bss.o)
 .text.libgcc.fixed
                0x00000248        0x0 /usr/local/CrossPack-AVR-20131216/lib/gcc/avr/4.8.1/avr4/libgcc.a(_clear_bss.o)
 .text.libgcc.mul
                0x00000248        0x0 /usr/local/CrossPack-AVR-20131216/lib/gcc/avr/4.8.1/avr4/libgcc.a(_udivmodhi4.o)
 .text.libgcc.div
                0x00000248       0x28 /usr/local/CrossPack-AVR-20131216/lib/gcc/avr/4.8.1/avr4/libgcc.a(_udivmodhi4.o)
                0x00000248                __udivmodhi4
 .text.libgcc   0x00000270        0x0 /usr/local/CrossPack-AVR-20131216/lib/gcc/avr/4.8.1/avr4/libgcc.a(_udivmodhi4.o)
 .text.libgcc.prologue
                0x00000270        0x0 /usr/local/CrossPack-AVR-20131216/lib/gcc/avr/4.8.1/avr4/libgcc.a(_udivmodhi4.o)
 .text.libgcc.builtins
                0x00000270        0x0 /usr/local/CrossPack-AVR-20131216/lib/gcc/avr/4.8.1/avr4/libgcc.a(_udivmodhi4.o)
 .text.libgcc.fmul
                0x00000270        0x0 /usr/local/CrossPack-AVR-20131216/lib/gcc/avr/4.8.1/avr4/libgcc.a(_udivmodhi4.o)
 .text.libgcc.fixed
                0x00000270        0x0 /usr/local/CrossPack-AVR-20131216/lib/gcc/avr/4.8.1/avr4/libgcc.a(_udivmodhi4.o)
 .text.avr-libc
                0x00000270       0x14 /usr/local/CrossPack-AVR-20131216/lib/gcc/avr/4.8.1/../../../../avr/lib/avr4/libc.a(itoa_ncheck.o)
                0x00000270                __itoa_ncheck
 .text.avr-libc
                0x00000284       0x32 /usr/local/CrossPack-AVR-20131216/lib/gcc/avr/4.8.1/../../../../avr/lib/avr4/libc.a(utoa_ncheck.o)
                0x00000284                __utoa_ncheck
                0x00000286                __utoa_common
 .text.avr-libc
                0x000002b6       0x20 /usr/local/CrossPack-AVR-20131216/lib/gcc/avr/4.8.1/../../../../avr/lib/avr4/libc.a(strrev.o)
                0x000002b6                strrev
                0x000002d6                . = ALIGN (0x2)
 *(.fini9)
 .fini9         0x000002d6        0x0 /usr/local/CrossPack-AVR-20131216/lib/gcc/avr/4.8.1/avr4/libgcc.a(_exit.o)
                0x000002d6                exit
                0x000002d6                _exit
 *(.fini9)
 *(.fini8)
 *(.fini8)
 *(.fini7)
 *(.fini7)
 *(.fini6)
 *(.fini6)
 *(.fini5)
 *(.fini5)
 *(.fini4)
 *(.fini4)
 *(.fini3)
 *(.fini3)
 *(.fini2)
 *(.fini2)
 *(.fini1)
 *(.fini1)
 *(.fini0)
 .fini0         0x000002d6        0x4 /usr/local/CrossPack-AVR-20131216/lib/gcc/avr/4.8.1/avr4/libgcc.a(_exit.o)
 *(.fini0)
                0x000002da                _etext = .

.data           0x00800060        0x0 load address 0x000002da
                0x00800060                PROVIDE (__data_start, .)
 *(.data)
 .data          0x00800060        0x0 /usr/local/CrossPack-AVR-20131216/lib/gcc/avr/4.8.1/../../../../avr/lib/avr4/crtm8.o
 .data          0x00800060        0x0 Builds/main.o
 .data          0x00800060        0x0 Builds/uart.o
 .data          0x00800060        0x0 /usr/local/CrossPack-AVR-20131216/lib/gcc/avr/4.8.1/avr4/libgcc.a(_divmodhi4.o)
 .data          0x00800060        0x0 /usr/local/CrossPack-AVR-20131216/lib/gcc/avr/4.8.1/avr4/libgcc.a(_exit.o)
 .data          0x00800060        0x0 /usr/local/CrossPack-AVR-20131216/lib/gcc/avr/4.8.1/avr4/libgcc.a(_clear_bss.o)
 .data          0x00800060        0x0 /usr/local/CrossPack-AVR-20131216/lib/gcc/avr/4.8.1/avr4/libgcc.a(_udivmodhi4.o)
 .data          0x00800060        0x0 /usr/local/CrossPack-AVR-20131216/lib/gcc/avr/4.8.1/../../../../avr/lib/avr4/libc.a(itoa_ncheck.o)
 .data          0x00800060        0x0 /usr/local/CrossPack-AVR-20131216/lib/gcc/avr/4.8.1/../../../../avr/lib/avr4/libc.a(utoa_ncheck.o)
 .data          0x00800060        0x0 /usr/local/CrossPack-AVR-20131216/lib/gcc/avr/4.8.1/../../../../avr/lib/avr4/libc.a(strrev.o)
 *(.data*)
 *(.rodata)
 *(.rodata*)
 *(.gnu.linkonce.d*)
                0x00800060                . = ALIGN (0x2)
                0x00800060                _edata = .
                0x00800060                PROVIDE (__data_end, .)

.bss            0x00800060       0xf8
                0x00800060                PROVIDE (__bss_start, .)
 *(.bss)
 .bss           0x00800060        0x0 /usr/local/CrossPack-AVR-20131216/lib/gcc/avr/4.8.1/../../../../avr/lib/avr4/crtm8.o
 .bss           0x00800060        0x5 Builds/main.o
                0x00800060                timer0_ovflag_cnt
                0x00800061                Timer0_prevRes
                0x00800062                Timer0_res
                0x00800063                Timer0_trigger
                0x00800064                ADC_result_index
 .bss           0x00800065        0x0 Builds/uart.o
 .bss           0x00800065        0x0 /usr/local/CrossPack-AVR-20131216/lib/gcc/avr/4.8.1/avr4/libgcc.a(_divmodhi4.o)
 .bss           0x00800065        0x0 /usr/local/CrossPack-AVR-20131216/lib/gcc/avr/4.8.1/avr4/libgcc.a(_exit.o)
 .bss           0x00800065        0x0 /usr/local/CrossPack-AVR-20131216/lib/gcc/avr/4.8.1/avr4/libgcc.a(_clear_bss.o)
 .bss           0x00800065        0x0 /usr/local/CrossPack-AVR-20131216/lib/gcc/avr/4.8.1/avr4/libgcc.a(_udivmodhi4.o)
 .bss           0x00800065        0x0 /usr/local/CrossPack-AVR-20131216/lib/gcc/avr/4.8.1/../../../../avr/lib/avr4/libc.a(itoa_ncheck.o)
 .bss           0x00800065        0x0 /usr/local/CrossPack-AVR-20131216/lib/gcc/avr/4.8.1/../../../../avr/lib/avr4/libc.a(utoa_ncheck.o)
 .bss           0x00800065        0x0 /usr/local/CrossPack-AVR-20131216/lib/gcc/avr/4.8.1/../../../../avr/lib/avr4/libc.a(strrev.o)
 *(.bss*)
 *(COMMON)
 COMMON         0x00800065       0xc8 Builds/main.o
                0x00800065                ADC_result
 COMMON         0x0080012d       0x2b Builds/uart.o
                0x0080012d                rbuffcnt
                0x0080012e                rbuffpos
                0x0080012f                udr_data
                0x00800130                rbuff
                0x00800158                PROVIDE (__bss_end, .)
                0x000002da                __data_load_start = LOADADDR (.data)
                0x000002da                __data_load_end = (__data_load_start + SIZEOF (.data))

.noinit         0x00800158        0x0
                0x00800158                PROVIDE (__noinit_start, .)
 *(.noinit*)
                0x00800158                PROVIDE (__noinit_end, .)
                0x00800158                _end = .
                0x00800158                PROVIDE (__heap_start, .)

.eeprom         0x00810000        0x0
 *(.eeprom*)
                0x00810000                __eeprom_end = .

.fuse
 *(.fuse)
 *(.lfuse)
 *(.hfuse)
 *(.efuse)

.lock
 *(.lock*)

.signature
 *(.signature*)

.user_signatures
 *(.user_signatures*)

.stab           0x00000000      0xc48
 *(.stab)
 .stab          0x00000000      0x780 Builds/main.o
 .stab          0x00000780      0x4c8 Builds/uart.o
                                0x684 (size before relaxing)

.stabstr        0x00000000     0x115d
 *(.stabstr)
 .stabstr       0x00000000     0x115d Builds/main.o

.stab.excl
 *(.stab.excl)

.stab.exclstr
 *(.stab.exclstr)

.stab.index
 *(.stab.index)

.stab.indexstr
 *(.stab.indexstr)

.comment        0x00000000       0x11
 *(.comment)
 .comment       0x00000000       0x11 Builds/main.o
                                 0x12 (size before relaxing)
 .comment       0x00000000       0x12 Builds/uart.o

.debug
 *(.debug)

.line
 *(.line)

.debug_srcinfo
 *(.debug_srcinfo)

.debug_sfnames
 *(.debug_sfnames)

.debug_aranges  0x00000000       0x80
 *(.debug_aranges)
 .debug_aranges
                0x00000000       0x20 /usr/local/CrossPack-AVR-20131216/lib/gcc/avr/4.8.1/avr4/libgcc.a(_divmodhi4.o)
 .debug_aranges
                0x00000020       0x20 /usr/local/CrossPack-AVR-20131216/lib/gcc/avr/4.8.1/avr4/libgcc.a(_exit.o)
 .debug_aranges
                0x00000040       0x20 /usr/local/CrossPack-AVR-20131216/lib/gcc/avr/4.8.1/avr4/libgcc.a(_clear_bss.o)
 .debug_aranges
                0x00000060       0x20 /usr/local/CrossPack-AVR-20131216/lib/gcc/avr/4.8.1/avr4/libgcc.a(_udivmodhi4.o)

.debug_pubnames
 *(.debug_pubnames)

.debug_info     0x00000000      0x2f8
 *(.debug_info)
 .debug_info    0x00000000       0xbe /usr/local/CrossPack-AVR-20131216/lib/gcc/avr/4.8.1/avr4/libgcc.a(_divmodhi4.o)
 .debug_info    0x000000be       0xbe /usr/local/CrossPack-AVR-20131216/lib/gcc/avr/4.8.1/avr4/libgcc.a(_exit.o)
 .debug_info    0x0000017c       0xbe /usr/local/CrossPack-AVR-20131216/lib/gcc/avr/4.8.1/avr4/libgcc.a(_clear_bss.o)
 .debug_info    0x0000023a       0xbe /usr/local/CrossPack-AVR-20131216/lib/gcc/avr/4.8.1/avr4/libgcc.a(_udivmodhi4.o)
 *(.gnu.linkonce.wi.*)

.debug_abbrev   0x00000000       0x50
 *(.debug_abbrev)
 .debug_abbrev  0x00000000       0x14 /usr/local/CrossPack-AVR-20131216/lib/gcc/avr/4.8.1/avr4/libgcc.a(_divmodhi4.o)
 .debug_abbrev  0x00000014       0x14 /usr/local/CrossPack-AVR-20131216/lib/gcc/avr/4.8.1/avr4/libgcc.a(_exit.o)
 .debug_abbrev  0x00000028       0x14 /usr/local/CrossPack-AVR-20131216/lib/gcc/avr/4.8.1/avr4/libgcc.a(_clear_bss.o)
 .debug_abbrev  0x0000003c       0x14 /usr/local/CrossPack-AVR-20131216/lib/gcc/avr/4.8.1/avr4/libgcc.a(_udivmodhi4.o)

.debug_line     0x00000000      0x189
 *(.debug_line)
 .debug_line    0x00000000       0x69 /usr/local/CrossPack-AVR-20131216/lib/gcc/avr/4.8.1/avr4/libgcc.a(_divmodhi4.o)
 .debug_line    0x00000069       0x58 /usr/local/CrossPack-AVR-20131216/lib/gcc/avr/4.8.1/avr4/libgcc.a(_exit.o)
 .debug_line    0x000000c1       0x5e /usr/local/CrossPack-AVR-20131216/lib/gcc/avr/4.8.1/avr4/libgcc.a(_clear_bss.o)
 .debug_line    0x0000011f       0x6a /usr/local/CrossPack-AVR-20131216/lib/gcc/avr/4.8.1/avr4/libgcc.a(_udivmodhi4.o)

.debug_frame
 *(.debug_frame)

.debug_str
 *(.debug_str)

.debug_loc
 *(.debug_loc)

.debug_macinfo
 *(.debug_macinfo)

.debug_pubtypes
 *(.debug_pubtypes)

.debug_ranges
 *(.debug_ranges)

.debug_macro
 *(.debug_macro)
OUTPUT(Builds/main.elf elf32-avr)
LOAD linker stubs

Cross Reference Table

Symbol                                            File
ADC_result                                        Builds/main.o
ADC_result_index                                  Builds/main.o
Timer0_prevRes                                    Builds/main.o
Timer0_res                                        Builds/main.o
Timer0_trigger                                    Builds/main.o
__bad_interrupt                                   /usr/local/CrossPack-AVR-20131216/lib/gcc/avr/4.8.1/../../../../avr/lib/avr4/crtm8.o
__bss_end                                         /usr/local/CrossPack-AVR-20131216/lib/gcc/avr/4.8.1/avr4/libgcc.a(_clear_bss.o)
__bss_start                                       /usr/local/CrossPack-AVR-20131216/lib/gcc/avr/4.8.1/avr4/libgcc.a(_clear_bss.o)
__divmodhi4                                       /usr/local/CrossPack-AVR-20131216/lib/gcc/avr/4.8.1/avr4/libgcc.a(_divmodhi4.o)
                                                  Builds/uart.o
__do_clear_bss                                    /usr/local/CrossPack-AVR-20131216/lib/gcc/avr/4.8.1/avr4/libgcc.a(_clear_bss.o)
                                                  Builds/uart.o
                                                  Builds/main.o
__heap_end                                        /usr/local/CrossPack-AVR-20131216/lib/gcc/avr/4.8.1/../../../../avr/lib/avr4/crtm8.o
__init                                            /usr/local/CrossPack-AVR-20131216/lib/gcc/avr/4.8.1/../../../../avr/lib/avr4/crtm8.o
__itoa_ncheck                                     /usr/local/CrossPack-AVR-20131216/lib/gcc/avr/4.8.1/../../../../avr/lib/avr4/libc.a(itoa_ncheck.o)
                                                  Builds/main.o
__stack                                           /usr/local/CrossPack-AVR-20131216/lib/gcc/avr/4.8.1/../../../../avr/lib/avr4/crtm8.o
__udivmodhi4                                      /usr/local/CrossPack-AVR-20131216/lib/gcc/avr/4.8.1/avr4/libgcc.a(_udivmodhi4.o)
                                                  /usr/local/CrossPack-AVR-20131216/lib/gcc/avr/4.8.1/avr4/libgcc.a(_divmodhi4.o)
__utoa_common                                     /usr/local/CrossPack-AVR-20131216/lib/gcc/avr/4.8.1/../../../../avr/lib/avr4/libc.a(utoa_ncheck.o)
                                                  /usr/local/CrossPack-AVR-20131216/lib/gcc/avr/4.8.1/../../../../avr/lib/avr4/libc.a(itoa_ncheck.o)
__utoa_ncheck                                     /usr/local/CrossPack-AVR-20131216/lib/gcc/avr/4.8.1/../../../../avr/lib/avr4/libc.a(utoa_ncheck.o)
__vector_1                                        /usr/local/CrossPack-AVR-20131216/lib/gcc/avr/4.8.1/../../../../avr/lib/avr4/crtm8.o
__vector_10                                       /usr/local/CrossPack-AVR-20131216/lib/gcc/avr/4.8.1/../../../../avr/lib/avr4/crtm8.o
__vector_11                                       Builds/uart.o
                                                  /usr/local/CrossPack-AVR-20131216/lib/gcc/avr/4.8.1/../../../../avr/lib/avr4/crtm8.o
__vector_12                                       /usr/local/CrossPack-AVR-20131216/lib/gcc/avr/4.8.1/../../../../avr/lib/avr4/crtm8.o
__vector_13                                       /usr/local/CrossPack-AVR-20131216/lib/gcc/avr/4.8.1/../../../../avr/lib/avr4/crtm8.o
__vector_14                                       Builds/main.o
                                                  /usr/local/CrossPack-AVR-20131216/lib/gcc/avr/4.8.1/../../../../avr/lib/avr4/crtm8.o
__vector_15                                       /usr/local/CrossPack-AVR-20131216/lib/gcc/avr/4.8.1/../../../../avr/lib/avr4/crtm8.o
__vector_16                                       /usr/local/CrossPack-AVR-20131216/lib/gcc/avr/4.8.1/../../../../avr/lib/avr4/crtm8.o
__vector_17                                       /usr/local/CrossPack-AVR-20131216/lib/gcc/avr/4.8.1/../../../../avr/lib/avr4/crtm8.o
__vector_18                                       /usr/local/CrossPack-AVR-20131216/lib/gcc/avr/4.8.1/../../../../avr/lib/avr4/crtm8.o
__vector_2                                        /usr/local/CrossPack-AVR-20131216/lib/gcc/avr/4.8.1/../../../../avr/lib/avr4/crtm8.o
__vector_3                                        /usr/local/CrossPack-AVR-20131216/lib/gcc/avr/4.8.1/../../../../avr/lib/avr4/crtm8.o
__vector_4                                        /usr/local/CrossPack-AVR-20131216/lib/gcc/avr/4.8.1/../../../../avr/lib/avr4/crtm8.o
__vector_5                                        /usr/local/CrossPack-AVR-20131216/lib/gcc/avr/4.8.1/../../../../avr/lib/avr4/crtm8.o
__vector_6                                        /usr/local/CrossPack-AVR-20131216/lib/gcc/avr/4.8.1/../../../../avr/lib/avr4/crtm8.o
__vector_7                                        /usr/local/CrossPack-AVR-20131216/lib/gcc/avr/4.8.1/../../../../avr/lib/avr4/crtm8.o
__vector_8                                        /usr/local/CrossPack-AVR-20131216/lib/gcc/avr/4.8.1/../../../../avr/lib/avr4/crtm8.o
__vector_9                                        Builds/main.o
                                                  /usr/local/CrossPack-AVR-20131216/lib/gcc/avr/4.8.1/../../../../avr/lib/avr4/crtm8.o
__vector_default                                  /usr/local/CrossPack-AVR-20131216/lib/gcc/avr/4.8.1/../../../../avr/lib/avr4/crtm8.o
__vectors                                         /usr/local/CrossPack-AVR-20131216/lib/gcc/avr/4.8.1/../../../../avr/lib/avr4/crtm8.o
_div                                              /usr/local/CrossPack-AVR-20131216/lib/gcc/avr/4.8.1/avr4/libgcc.a(_divmodhi4.o)
_exit                                             /usr/local/CrossPack-AVR-20131216/lib/gcc/avr/4.8.1/avr4/libgcc.a(_exit.o)
exit                                              /usr/local/CrossPack-AVR-20131216/lib/gcc/avr/4.8.1/avr4/libgcc.a(_exit.o)
                                                  /usr/local/CrossPack-AVR-20131216/lib/gcc/avr/4.8.1/../../../../avr/lib/avr4/crtm8.o
initIO                                            Builds/main.o
main                                              Builds/main.o
                                                  /usr/local/CrossPack-AVR-20131216/lib/gcc/avr/4.8.1/../../../../avr/lib/avr4/crtm8.o
rbuff                                             Builds/uart.o
rbuffcnt                                          Builds/uart.o
rbuffpos                                          Builds/uart.o
ser_getc                                          Builds/uart.o
strrev                                            /usr/local/CrossPack-AVR-20131216/lib/gcc/avr/4.8.1/../../../../avr/lib/avr4/libc.a(strrev.o)
                                                  /usr/local/CrossPack-AVR-20131216/lib/gcc/avr/4.8.1/../../../../avr/lib/avr4/libc.a(utoa_ncheck.o)
timer0_ovflag_cnt                                 Builds/main.o
uart_init                                         Builds/uart.o
                                                  Builds/main.o
uart_putc                                         Builds/uart.o
                                                  Builds/main.o
uart_puts                                         Builds/uart.o
                                                  Builds/main.o
udr_data                                          Builds/uart.o
